../../Drivers/STM32WLxx_HAL_Driver/Inc/stm32wlxx_ll_rcc.h:1257:22:LL_RCC_LSE_SetDriveCapability	16	static
../../Drivers/STM32WLxx_HAL_Driver/Inc/stm32wlxx_ll_bus.h:449:22:LL_AHB2_GRP1_EnableClock	24	static
../Core/Src/main.c:80:5:main	72	static
../Core/Src/main.c:160:6:SystemClock_Config	112	static
../Core/Src/main.c:210:13:MX_ADC_Init	8	static
../Core/Src/main.c:257:13:MX_USART2_UART_Init	8	static
../Core/Src/main.c:305:13:MX_GPIO_Init	40	static
../Core/Src/main.c:368:6:Error_Handler	4	static,ignoring_inline_asm
